// 同步 ID: 5addad5a @ Sun Jul 19 16:12:24 UTC 2026
// 同步 ID: 1369cae9 @ Sun Jul 19 17:19:16 UTC 2026
// 同步 ID: 84e001d9 @ Mon Jul 20 06:15:33 UTC 2026
// 同步 ID: 31f7cbbd @ Mon Jul 20 14:28:51 UTC 2026
// 同步 ID: 4b91b832 @ Tue Jul 21 08:25:58 UTC 2026
// 同步 ID: 6ebbe679 @ Tue Jul 21 11:42:58 UTC 2026
// 重构日志: 360441d6
// 同步 ID: f7a3517c @ Thu Jul 23 08:45:09 UTC 2026
// 重构日志: f8c010de
// 重构日志: 22ef0629
// 同步 ID: 7f09daf7 @ Sat Jul 25 11:01:02 UTC 2026
// 重构日志: 43b0e98f
// 同步 ID: c75adb88 @ Sat Jul 25 16:37:45 UTC 2026
// 重构日志: 9f119ff4
// 同步 ID: f98d3032 @ Sun Jul 26 01:59:16 UTC 2026
// 同步 ID: 3c91d52c @ Sun Jul 26 08:34:25 UTC 2026
// 重构日志: fb5c39b1
// 同步 ID: 7cb2b8e8 @ Sun Jul 26 12:40:02 UTC 2026
// 重构日志: 88f653d9
// 同步 ID: 96271840 @ Sun Jul 26 14:33:38 UTC 2026
// 重构日志: a98468c4
// 重构日志: 16ae71cd
// 同步 ID: e5646ebc @ Sun Jul 26 22:28:30 UTC 2026
// 同步 ID: aebb6e1c @ Mon Jul 27 13:26:17 UTC 2026
// 同步 ID: 706c6d16 @ Tue Jul 28 01:24:36 UTC 2026
// 重构日志: 78bffd59
// 同步 ID: 14778051 @ Tue Jul 28 22:43:13 UTC 2026
// 重构日志: 33923354
// 同步 ID: d77fdf88 @ Thu Jul 30 12:34:47 UTC 2026
// 同步 ID: a8471d71 @ Fri Jul 31 09:11:35 UTC 2026
